D:/1.Dev/1.Fw/STM32G4/ST_motor_test/42JSF330AS_1000/MCSDK_v5.4.8-Full/MotorControl/MCSDK/MCLib/Any/Src/enc_align_ctrl.c:46:13:EAC_Init	0	static
D:/1.Dev/1.Fw/STM32G4/ST_motor_test/42JSF330AS_1000/MCSDK_v5.4.8-Full/MotorControl/MCSDK/MCLib/Any/Src/enc_align_ctrl.c:63:13:EAC_StartAlignment	8	static
D:/1.Dev/1.Fw/STM32G4/ST_motor_test/42JSF330AS_1000/MCSDK_v5.4.8-Full/MotorControl/MCSDK/MCLib/Any/Src/enc_align_ctrl.c:100:13:EAC_Exec	8	static
D:/1.Dev/1.Fw/STM32G4/ST_motor_test/42JSF330AS_1000/MCSDK_v5.4.8-Full/MotorControl/MCSDK/MCLib/Any/Src/enc_align_ctrl.c:129:13:EAC_IsAligned	0	static
D:/1.Dev/1.Fw/STM32G4/ST_motor_test/42JSF330AS_1000/MCSDK_v5.4.8-Full/MotorControl/MCSDK/MCLib/Any/Src/enc_align_ctrl.c:140:13:EAC_SetRestartState	0	static
D:/1.Dev/1.Fw/STM32G4/ST_motor_test/42JSF330AS_1000/MCSDK_v5.4.8-Full/MotorControl/MCSDK/MCLib/Any/Src/enc_align_ctrl.c:149:13:EAC_GetRestartState	0	static
