D:/1.Dev/1.Fw/STM32G4/ST_motor_test/42JSF330AS_1000/MCSDK_v5.4.8-Full/MotorControl/MCSDK/MCLib/Any/Src/trajectory_ctrl.c:35:6:TC_Init	0	static
D:/1.Dev/1.Fw/STM32G4/ST_motor_test/42JSF330AS_1000/MCSDK_v5.4.8-Full/MotorControl/MCSDK/MCLib/Any/Src/trajectory_ctrl.c:79:6:TC_MoveCommand	0	static
D:/1.Dev/1.Fw/STM32G4/ST_motor_test/42JSF330AS_1000/MCSDK_v5.4.8-Full/MotorControl/MCSDK/MCLib/Any/Src/trajectory_ctrl.c:145:6:TC_FollowCommand	0	static
D:/1.Dev/1.Fw/STM32G4/ST_motor_test/42JSF330AS_1000/MCSDK_v5.4.8-Full/MotorControl/MCSDK/MCLib/Any/Src/trajectory_ctrl.c:228:6:TC_MoveExecution	0	static
D:/1.Dev/1.Fw/STM32G4/ST_motor_test/42JSF330AS_1000/MCSDK_v5.4.8-Full/MotorControl/MCSDK/MCLib/Any/Src/trajectory_ctrl.c:191:6:TC_PositionRegulation	16	static
D:/1.Dev/1.Fw/STM32G4/ST_motor_test/42JSF330AS_1000/MCSDK_v5.4.8-Full/MotorControl/MCSDK/MCLib/Any/Src/trajectory_ctrl.c:292:6:TC_FollowExecution	0	static
D:/1.Dev/1.Fw/STM32G4/ST_motor_test/42JSF330AS_1000/MCSDK_v5.4.8-Full/MotorControl/MCSDK/MCLib/Any/Src/trajectory_ctrl.c:303:6:TC_EncAlignmentCommand	16	static
D:/1.Dev/1.Fw/STM32G4/ST_motor_test/42JSF330AS_1000/MCSDK_v5.4.8-Full/MotorControl/MCSDK/MCLib/Any/Src/trajectory_ctrl.c:336:6:TC_RampCompleted	0	static
D:/1.Dev/1.Fw/STM32G4/ST_motor_test/42JSF330AS_1000/MCSDK_v5.4.8-Full/MotorControl/MCSDK/MCLib/Any/Src/trajectory_ctrl.c:353:6:TC_EncoderReset	0	static
D:/1.Dev/1.Fw/STM32G4/ST_motor_test/42JSF330AS_1000/MCSDK_v5.4.8-Full/MotorControl/MCSDK/MCLib/Any/Src/trajectory_ctrl.c:372:7:TC_GetCurrentPosition	8	static
D:/1.Dev/1.Fw/STM32G4/ST_motor_test/42JSF330AS_1000/MCSDK_v5.4.8-Full/MotorControl/MCSDK/MCLib/Any/Src/trajectory_ctrl.c:383:7:TC_GetTargetPosition	0	static
D:/1.Dev/1.Fw/STM32G4/ST_motor_test/42JSF330AS_1000/MCSDK_v5.4.8-Full/MotorControl/MCSDK/MCLib/Any/Src/trajectory_ctrl.c:393:7:TC_GetMoveDuration	0	static
D:/1.Dev/1.Fw/STM32G4/ST_motor_test/42JSF330AS_1000/MCSDK_v5.4.8-Full/MotorControl/MCSDK/MCLib/Any/Src/trajectory_ctrl.c:403:17:TC_GetControlPositionStatus	0	static
D:/1.Dev/1.Fw/STM32G4/ST_motor_test/42JSF330AS_1000/MCSDK_v5.4.8-Full/MotorControl/MCSDK/MCLib/Any/Src/trajectory_ctrl.c:413:15:TC_GetAlignmentStatus	0	static
D:/1.Dev/1.Fw/STM32G4/ST_motor_test/42JSF330AS_1000/MCSDK_v5.4.8-Full/MotorControl/MCSDK/MCLib/Any/Src/trajectory_ctrl.c:423:6:TC_IncTick	0	static
