D:/1.Dev/1.Fw/STM32G4/ST_motor_test/42JSF330AS_1000/Src/stm32g4xx_mc_it.c:82:6:ADC1_2_IRQHandler	8	static
D:/1.Dev/1.Fw/STM32G4/ST_motor_test/42JSF330AS_1000/Src/stm32g4xx_mc_it.c:114:6:TIM1_UP_TIM16_IRQHandler	0	static
D:/1.Dev/1.Fw/STM32G4/ST_motor_test/42JSF330AS_1000/Src/stm32g4xx_mc_it.c:128:6:TIM1_BRK_TIM15_IRQHandler	8	static
D:/1.Dev/1.Fw/STM32G4/ST_motor_test/42JSF330AS_1000/Src/stm32g4xx_mc_it.c:156:6:TIM2_IRQHandler	0	static
D:/1.Dev/1.Fw/STM32G4/ST_motor_test/42JSF330AS_1000/Src/stm32g4xx_mc_it.c:186:6:USART2_IRQHandler	8	static
D:/1.Dev/1.Fw/STM32G4/ST_motor_test/42JSF330AS_1000/Src/stm32g4xx_mc_it.c:236:6:HardFault_Handler	16	static
D:/1.Dev/1.Fw/STM32G4/ST_motor_test/42JSF330AS_1000/Src/stm32g4xx_mc_it.c:285:6:SysTick_Handler	8	static
D:/1.Dev/1.Fw/STM32G4/ST_motor_test/42JSF330AS_1000/Src/stm32g4xx_mc_it.c:315:6:EXTI15_10_IRQHandler	8	static
