D:/1.Dev/1.Fw/STM32G4/ST_motor_test/42JSF330AS_1000/Src/stm32g4xx_hal_msp.c:66:6:HAL_MspInit	16	static
D:/1.Dev/1.Fw/STM32G4/ST_motor_test/42JSF330AS_1000/Src/stm32g4xx_hal_msp.c:96:6:HAL_ADC_MspInit	56	static
D:/1.Dev/1.Fw/STM32G4/ST_motor_test/42JSF330AS_1000/Src/stm32g4xx_hal_msp.c:172:6:HAL_ADC_MspDeInit	8	static
D:/1.Dev/1.Fw/STM32G4/ST_motor_test/42JSF330AS_1000/Src/stm32g4xx_hal_msp.c:249:6:HAL_CORDIC_MspInit	8	static
D:/1.Dev/1.Fw/STM32G4/ST_motor_test/42JSF330AS_1000/Src/stm32g4xx_hal_msp.c:271:6:HAL_CORDIC_MspDeInit	0	static
D:/1.Dev/1.Fw/STM32G4/ST_motor_test/42JSF330AS_1000/Src/stm32g4xx_hal_msp.c:293:6:HAL_DAC_MspInit	40	static
D:/1.Dev/1.Fw/STM32G4/ST_motor_test/42JSF330AS_1000/Src/stm32g4xx_hal_msp.c:326:6:HAL_DAC_MspDeInit	0	static
D:/1.Dev/1.Fw/STM32G4/ST_motor_test/42JSF330AS_1000/Src/stm32g4xx_hal_msp.c:354:6:HAL_TIM_Base_MspInit	40	static
D:/1.Dev/1.Fw/STM32G4/ST_motor_test/42JSF330AS_1000/Src/stm32g4xx_hal_msp.c:389:6:HAL_TIM_Encoder_MspInit	48	static
D:/1.Dev/1.Fw/STM32G4/ST_motor_test/42JSF330AS_1000/Src/stm32g4xx_hal_msp.c:427:6:HAL_TIM_MspPostInit	40	static
D:/1.Dev/1.Fw/STM32G4/ST_motor_test/42JSF330AS_1000/Src/stm32g4xx_hal_msp.c:461:6:HAL_TIM_Base_MspDeInit	8	static
D:/1.Dev/1.Fw/STM32G4/ST_motor_test/42JSF330AS_1000/Src/stm32g4xx_hal_msp.c:495:6:HAL_TIM_Encoder_MspDeInit	8	static
D:/1.Dev/1.Fw/STM32G4/ST_motor_test/42JSF330AS_1000/Src/stm32g4xx_hal_msp.c:528:6:HAL_UART_MspInit	40	static
D:/1.Dev/1.Fw/STM32G4/ST_motor_test/42JSF330AS_1000/Src/stm32g4xx_hal_msp.c:564:6:HAL_UART_MspDeInit	8	static
